---
source: crates/loadout-cli/tests/examples.rs
assertion_line: 53
expression: list.stdout
---
on   acme-config:skill/code-review-standards   Review code against Acme's engineering standards. Use when reviewing a pull req…
off  eng-skills:skill/incident-runbook         Walk through Acme's incident response steps. Off by default; enable it with `lo…
on   acme-config:skill/loadout                 How to use the Loadout `lo` CLI, which installs this machine's skills, MCP serv…
off  acme-config:skill/loadout-authoring       How to write Loadout content — skills, MCP servers, subagents, templates, sourc…
on   payments-skills:skill/pci-checklist       Check a change for PCI-DSS concerns before merging.
on   payments-skills:skill/write-spec          Write a feature spec in the Payments house format (adds PCI and money-movement …
on   acme-config:mcp/jira                      Acme Jira (tickets, sprints). The token is a secret reference, never a value.
on   payments-skills:mcp/payments-docs         Search Acme's internal payments documentation.
on   eng-skills:agent/code-reviewer            Reviews a diff against Acme's engineering standards. Use proactively after writ…
on   payments-skills:extra/commands.reconcile  Walk through reconciling a payments batch with the ledger.
