---
source: crates/loadout-cli/tests/secrets.rs
expression: human.stdout
---
missing  secret://docs/token  (acme-tools:mcp/docs)
         secret://docs/token: not found (tried env://DOCS_TOKEN: environment variable DOCS_TOKEN is not set; keychain://loadout/docs/token: no keychain entry)
missing  secret://jira/token  (acme-tools:mcp/jira)
         secret://jira/token: not found (tried env://JIRA_TOKEN: environment variable JIRA_TOKEN is not set; keychain://loadout/jira/token: no keychain entry)
2 of 2 reference(s) do not resolve.
